Startpoint: load_en (input port clocked by clk)
Endpoint: core.mem.b1_sub0_ram (falling edge-triggered flip-flop clocked by clk)
Path Group: clk
Path Type: max

  Delay    Time   Description
---------------------------------------------------------
   0.00    0.00   clock clk (rise edge)
   0.00    0.00   clock network delay (propagated)
   2.50    2.50 ^ input external delay
   0.00    2.50 ^ load_en (in)
   0.32    2.82 v _6407_/Y (NOR2BX1)
   0.17    2.99 ^ _6409_/Y (NAND2X1)
   2.28    5.27 v _6427_/Y (NAND2X1)
   5.71   10.98 v _6428_/Y (NAND3BXL)
   0.03   11.01 v core.mem.b1_sub0_ram/din1[2] (sram_512x24_2rw)
          11.01   data arrival time

  10.00   10.00   clock clk (rise edge)
   0.00   10.00   clock source latency
   0.00   10.00 ^ clk (in)
   0.15   10.15 ^ delaybuf_0_clk/Y (BUFX4)
   0.12   10.27 ^ delaybuf_1_clk/Y (BUFX4)
   0.15   10.42 ^ clkbuf_0_clk/Y (BUFX4)
   0.33   10.75 ^ clkbuf_1_1__f_clk/Y (BUFX4)
   0.01   10.76 ^ core.mem.b1_sub0_ram/clk1 (sram_512x24_2rw)
   0.00   10.76   clock reconvergence pessimism
  -0.01   10.76   library setup time
          10.76   data required time
---------------------------------------------------------
          10.76   data required time
         -11.01   data arrival time
---------------------------------------------------------
          -0.25   slack (VIOLATED)


